[
  {
    "flags": 16,
    "cramFlags": 3,
    "readLength": 10,
    "mappingQuality": 86,
    "lengthOnRef": 10,
    "qualityScores": [
      9,
      9,
      9,
      9,
      9,
      9,
      9,
      9,
      9,
      9
    ],
    "readGroupId": 0,
    "readName": "Fred",
    "sequenceId": 0,
    "uniqueId": 1363,
    "templateSize": 0,
    "alignmentStart": 1,
    "tags": {
      "A!": "!",
      "Ac": "c",
      "AC": "C",
      "I0": 0,
      "I1": 1,
      "I2": 127,
      "I3": 128,
      "I4": 255,
      "I5": 256,
      "I6": 32767,
      "I7": 32768,
      "I8": 65535,
      "I9": 65536,
      "IA": 2147483647,
      "i1": -1,
      "i2": -127,
      "i3": -128,
      "i4": -255,
      "i5": -256,
      "i6": -32767,
      "i7": -32768,
      "i8": -65535,
      "i9": -65536,
      "iA": -2147483647,
      "iB": -2147483648,
      "F0": -1,
      "F1": 0,
      "F2": 1,
      "F3": 9.899999491958217e-19,
      "F4": -9.899999491958217e-19,
      "F5": 99000000576671970000,
      "F6": -99000000576671970000,
      "H0": 170,
      "H1": 956385246959,
      "Z0": "space space",
      "Zn": "",
      "Hn": null
    }
  },
  {
    "flags": 16,
    "cramFlags": 3,
    "readLength": 10,
    "mappingQuality": 11,
    "lengthOnRef": 10,
    "qualityScores": [
      255,
      255,
      255,
      255,
      255,
      255,
      255,
      255,
      255,
      255
    ],
    "readGroupId": -1,
    "readName": "Jim",
    "sequenceId": 0,
    "uniqueId": 1364,
    "templateSize": 0,
    "alignmentStart": 11,
    "tags": {
      "BC": [
        0,
        127,
        128,
        255
      ],
      "Bc": [
        -128,
        -127,
        0,
        127
      ],
      "BS": [
        0,
        32767,
        32768,
        65535
      ],
      "Bs": [
        -32768,
        -32767,
        0,
        32767
      ],
      "BI": [
        0,
        2147483647,
        2147483648,
        4294967295
      ],
      "Bi": [
        -2147483648,
        -2147483647,
        0,
        2147483647
      ],
      "Hn": null,
      "Zn": ""
    }
  }
]