[
  {
    "flags": 0,
    "cramFlags": 3,
    "readLength": 10,
    "mappingQuality": 0,
    "lengthOnRef": 10,
    "qualityScores": [
      255,
      255,
      255,
      255,
      255,
      255,
      255,
      255,
      255,
      255
    ],
    "readGroupId": -1,
    "readName": "_m",
    "sequenceId": 0,
    "uniqueId": 601,
    "templateSize": 0,
    "alignmentStart": 1,
    "tags": {},
    "readFeatures": [
      {
        "code": "i",
        "pos": 3,
        "refPos": 3,
        "data": "N"
      },
      {
        "code": "D",
        "pos": 8,
        "refPos": 7,
        "data": 1
      }
    ]
  },
  {
    "flags": 0,
    "cramFlags": 3,
    "readLength": 10,
    "mappingQuality": 0,
    "lengthOnRef": 10,
    "qualityScores": [
      255,
      255,
      255,
      255,
      255,
      255,
      255,
      255,
      255,
      255
    ],
    "readGroupId": -1,
    "readName": "_sm",
    "sequenceId": 0,
    "uniqueId": 600,
    "templateSize": 0,
    "alignmentStart": 1,
    "tags": {},
    "readFeatures": [
      {
        "code": "i",
        "pos": 3,
        "refPos": 3,
        "data": "C"
      },
      {
        "code": "X",
        "pos": 6,
        "refPos": 5,
        "data": 2
      },
      {
        "code": "D",
        "pos": 8,
        "refPos": 7,
        "data": 1
      }
    ]
  },
  {
    "flags": 0,
    "cramFlags": 3,
    "readLength": 10,
    "mappingQuality": 0,
    "lengthOnRef": 10,
    "qualityScores": [
      40,
      40,
      40,
      40,
      40,
      40,
      40,
      40,
      40,
      40
    ],
    "readGroupId": -1,
    "readName": "_sqm",
    "sequenceId": 0,
    "uniqueId": 599,
    "templateSize": 0,
    "alignmentStart": 1,
    "tags": {},
    "readFeatures": [
      {
        "code": "i",
        "pos": 3,
        "refPos": 3,
        "data": "C"
      },
      {
        "code": "X",
        "pos": 6,
        "refPos": 5,
        "data": 2
      },
      {
        "code": "D",
        "pos": 8,
        "refPos": 7,
        "data": 1
      }
    ]
  }
]