[
  {
    "flags": 16,
    "cramFlags": 3,
    "readLength": 100,
    "mappingQuality": 1,
    "lengthOnRef": 101,
    "qualityScores": [
      2,
      2,
      2,
      2,
      2,
      2,
      2,
      2,
      2,
      2,
      2,
      2,
      2,
      2,
      2,
      2,
      2,
      2,
      2,
      2,
      2,
      2,
      2,
      2,
      2,
      2,
      2,
      2,
      2,
      31,
      33,
      30,
      23,
      33,
      30,
      33,
      32,
      31,
      31,
      35,
      35,
      33,
      34,
      35,
      35,
      34,
      33,
      34,
      31,
      34,
      35,
      34,
      35,
      34,
      34,
      34,
      34,
      34,
      34,
      34,
      34,
      34,
      34,
      34,
      34,
      34,
      34,
      34,
      34,
      34,
      34,
      34,
      34,
      34,
      34,
      34,
      34,
      34,
      34,
      34,
      34,
      34,
      34,
      34,
      34,
      34,
      34,
      34,
      34,
      34,
      34,
      34,
      34,
      34,
      34,
      34,
      34,
      34,
      34,
      34
    ],
    "readGroupId": -1,
    "readName": "II.14978392",
    "sequenceId": 1,
    "uniqueId": 1623,
    "templateSize": 0,
    "alignmentStart": 2,
    "tags": {
      "XG": 1,
      "XM": 5,
      "XN": 0,
      "XO": 1,
      "XS": -18,
      "AS": -18,
      "YT": "UU"
    },
    "readFeatures": [
      {
        "code": "X",
        "pos": 2,
        "refPos": 3,
        "data": 1
      },
      {
        "code": "X",
        "pos": 3,
        "refPos": 4,
        "data": 2
      },
      {
        "code": "X",
        "pos": 8,
        "refPos": 9,
        "data": 1
      },
      {
        "code": "X",
        "pos": 9,
        "refPos": 10,
        "data": 2
      },
      {
        "code": "X",
        "pos": 11,
        "refPos": 12,
        "data": 0
      },
      {
        "code": "X",
        "pos": 14,
        "refPos": 15,
        "data": 1
      },
      {
        "code": "X",
        "pos": 15,
        "refPos": 16,
        "data": 2
      },
      {
        "code": "X",
        "pos": 17,
        "refPos": 18,
        "data": 0
      },
      {
        "code": "X",
        "pos": 20,
        "refPos": 21,
        "data": 1
      },
      {
        "code": "X",
        "pos": 21,
        "refPos": 22,
        "data": 2
      },
      {
        "code": "X",
        "pos": 23,
        "refPos": 24,
        "data": 0
      },
      {
        "code": "X",
        "pos": 26,
        "refPos": 27,
        "data": 1
      },
      {
        "code": "X",
        "pos": 27,
        "refPos": 28,
        "data": 2
      },
      {
        "code": "D",
        "pos": 28,
        "refPos": 29,
        "data": 1
      },
      {
        "code": "X",
        "pos": 28,
        "refPos": 30,
        "data": 0
      },
      {
        "code": "X",
        "pos": 29,
        "refPos": 31,
        "data": 1
      },
      {
        "code": "X",
        "pos": 31,
        "refPos": 33,
        "data": 1
      },
      {
        "code": "X",
        "pos": 32,
        "refPos": 34,
        "data": 2
      },
      {
        "code": "X",
        "pos": 34,
        "refPos": 36,
        "data": 0
      },
      {
        "code": "X",
        "pos": 35,
        "refPos": 37,
        "data": 1
      },
      {
        "code": "X",
        "pos": 37,
        "refPos": 39,
        "data": 1
      },
      {
        "code": "X",
        "pos": 38,
        "refPos": 40,
        "data": 2
      },
      {
        "code": "X",
        "pos": 40,
        "refPos": 42,
        "data": 0
      },
      {
        "code": "X",
        "pos": 41,
        "refPos": 43,
        "data": 1
      },
      {
        "code": "X",
        "pos": 43,
        "refPos": 45,
        "data": 1
      },
      {
        "code": "X",
        "pos": 44,
        "refPos": 46,
        "data": 2
      },
      {
        "code": "X",
        "pos": 46,
        "refPos": 48,
        "data": 0
      },
      {
        "code": "X",
        "pos": 47,
        "refPos": 49,
        "data": 1
      },
      {
        "code": "X",
        "pos": 49,
        "refPos": 51,
        "data": 1
      },
      {
        "code": "X",
        "pos": 50,
        "refPos": 52,
        "data": 2
      },
      {
        "code": "X",
        "pos": 52,
        "refPos": 54,
        "data": 0
      },
      {
        "code": "X",
        "pos": 53,
        "refPos": 55,
        "data": 1
      },
      {
        "code": "X",
        "pos": 55,
        "refPos": 57,
        "data": 1
      },
      {
        "code": "X",
        "pos": 56,
        "refPos": 58,
        "data": 2
      },
      {
        "code": "X",
        "pos": 58,
        "refPos": 60,
        "data": 0
      },
      {
        "code": "X",
        "pos": 59,
        "refPos": 61,
        "data": 1
      },
      {
        "code": "X",
        "pos": 61,
        "refPos": 63,
        "data": 1
      },
      {
        "code": "X",
        "pos": 62,
        "refPos": 64,
        "data": 2
      },
      {
        "code": "X",
        "pos": 64,
        "refPos": 66,
        "data": 0
      },
      {
        "code": "X",
        "pos": 65,
        "refPos": 67,
        "data": 1
      },
      {
        "code": "X",
        "pos": 67,
        "refPos": 69,
        "data": 1
      },
      {
        "code": "X",
        "pos": 68,
        "refPos": 70,
        "data": 2
      },
      {
        "code": "X",
        "pos": 70,
        "refPos": 72,
        "data": 0
      },
      {
        "code": "X",
        "pos": 71,
        "refPos": 73,
        "data": 1
      },
      {
        "code": "X",
        "pos": 73,
        "refPos": 75,
        "data": 1
      },
      {
        "code": "X",
        "pos": 74,
        "refPos": 76,
        "data": 2
      },
      {
        "code": "X",
        "pos": 76,
        "refPos": 78,
        "data": 0
      },
      {
        "code": "X",
        "pos": 77,
        "refPos": 79,
        "data": 1
      },
      {
        "code": "X",
        "pos": 79,
        "refPos": 81,
        "data": 1
      },
      {
        "code": "X",
        "pos": 80,
        "refPos": 82,
        "data": 2
      },
      {
        "code": "X",
        "pos": 82,
        "refPos": 84,
        "data": 0
      },
      {
        "code": "X",
        "pos": 83,
        "refPos": 85,
        "data": 1
      },
      {
        "code": "X",
        "pos": 85,
        "refPos": 87,
        "data": 1
      },
      {
        "code": "X",
        "pos": 86,
        "refPos": 88,
        "data": 2
      },
      {
        "code": "X",
        "pos": 88,
        "refPos": 90,
        "data": 0
      },
      {
        "code": "X",
        "pos": 89,
        "refPos": 91,
        "data": 1
      },
      {
        "code": "X",
        "pos": 91,
        "refPos": 93,
        "data": 1
      },
      {
        "code": "X",
        "pos": 92,
        "refPos": 94,
        "data": 2
      },
      {
        "code": "X",
        "pos": 94,
        "refPos": 96,
        "data": 0
      },
      {
        "code": "X",
        "pos": 95,
        "refPos": 97,
        "data": 1
      },
      {
        "code": "X",
        "pos": 97,
        "refPos": 99,
        "data": 1
      },
      {
        "code": "X",
        "pos": 98,
        "refPos": 100,
        "data": 2
      },
      {
        "code": "X",
        "pos": 100,
        "refPos": 102,
        "data": 0
      }
    ]
  }
]