[
  {
    "flags": 768,
    "cramFlags": 3,
    "readLength": 1,
    "mappingQuality": 255,
    "lengthOnRef": 1,
    "qualityScores": [
      255
    ],
    "readGroupId": -1,
    "readName": "*",
    "sequenceId": 0,
    "uniqueId": 575,
    "templateSize": 0,
    "alignmentStart": 2,
    "tags": {
      "CT": "+;STOP"
    }
  },
  {
    "flags": 768,
    "cramFlags": 3,
    "readLength": 2,
    "mappingQuality": 255,
    "lengthOnRef": 2,
    "qualityScores": [
      255,
      255
    ],
    "readGroupId": -1,
    "readName": "*",
    "sequenceId": 0,
    "uniqueId": 576,
    "templateSize": 0,
    "alignmentStart": 28,
    "tags": {
      "CT": "+;COMM;Note=consensus%0Amulti%09line%0Atag%0A!\"#$%25^&*()_+<>?:@~{}%7C%0A1234567890-=[]'%3B#,./\\"
    }
  },
  {
    "flags": 768,
    "cramFlags": 3,
    "readLength": 1,
    "mappingQuality": 255,
    "lengthOnRef": 1,
    "qualityScores": [
      255
    ],
    "readGroupId": -1,
    "readName": "*",
    "sequenceId": 0,
    "uniqueId": 1436,
    "templateSize": 0,
    "alignmentStart": 101,
    "tags": {
      "CT": "+;STOP"
    }
  },
  {
    "flags": 16,
    "cramFlags": 3,
    "readLength": 100,
    "mappingQuality": 1,
    "lengthOnRef": 100,
    "qualityScores": [
      2,
      2,
      2,
      2,
      2,
      2,
      2,
      2,
      2,
      2,
      2,
      2,
      2,
      2,
      2,
      2,
      2,
      2,
      2,
      2,
      2,
      2,
      2,
      2,
      2,
      2,
      2,
      2,
      2,
      31,
      33,
      30,
      23,
      33,
      30,
      33,
      32,
      31,
      31,
      35,
      35,
      33,
      34,
      35,
      35,
      34,
      33,
      34,
      31,
      34,
      35,
      34,
      35,
      34,
      34,
      34,
      34,
      34,
      34,
      34,
      34,
      34,
      34,
      34,
      34,
      34,
      34,
      34,
      34,
      34,
      34,
      34,
      34,
      34,
      34,
      34,
      34,
      34,
      34,
      34,
      34,
      34,
      34,
      34,
      34,
      34,
      34,
      34,
      34,
      34,
      34,
      34,
      34,
      34,
      34,
      34,
      34,
      34,
      34,
      34
    ],
    "readGroupId": -1,
    "readName": "I",
    "sequenceId": 0,
    "uniqueId": 570,
    "templateSize": 0,
    "alignmentStart": 2,
    "tags": {
      "PT": "27;28;+;STOP;Note=tag1"
    },
    "readFeatures": [
      {
        "code": "X",
        "pos": 5,
        "refPos": 6,
        "data": 1
      },
      {
        "code": "X",
        "pos": 6,
        "refPos": 7,
        "data": 1
      },
      {
        "code": "X",
        "pos": 12,
        "refPos": 13,
        "data": 1
      },
      {
        "code": "X",
        "pos": 18,
        "refPos": 19,
        "data": 1
      },
      {
        "code": "X",
        "pos": 24,
        "refPos": 25,
        "data": 1
      },
      {
        "code": "X",
        "pos": 29,
        "refPos": 30,
        "data": 1
      },
      {
        "code": "X",
        "pos": 30,
        "refPos": 31,
        "data": 1
      },
      {
        "code": "X",
        "pos": 32,
        "refPos": 33,
        "data": 2
      },
      {
        "code": "X",
        "pos": 33,
        "refPos": 34,
        "data": 0
      },
      {
        "code": "X",
        "pos": 35,
        "refPos": 36,
        "data": 1
      },
      {
        "code": "X",
        "pos": 36,
        "refPos": 37,
        "data": 1
      },
      {
        "code": "X",
        "pos": 38,
        "refPos": 39,
        "data": 2
      },
      {
        "code": "X",
        "pos": 39,
        "refPos": 40,
        "data": 0
      },
      {
        "code": "X",
        "pos": 41,
        "refPos": 42,
        "data": 1
      },
      {
        "code": "X",
        "pos": 42,
        "refPos": 43,
        "data": 1
      },
      {
        "code": "X",
        "pos": 44,
        "refPos": 45,
        "data": 2
      },
      {
        "code": "X",
        "pos": 45,
        "refPos": 46,
        "data": 0
      },
      {
        "code": "X",
        "pos": 47,
        "refPos": 48,
        "data": 1
      },
      {
        "code": "X",
        "pos": 48,
        "refPos": 49,
        "data": 1
      },
      {
        "code": "X",
        "pos": 50,
        "refPos": 51,
        "data": 2
      },
      {
        "code": "X",
        "pos": 51,
        "refPos": 52,
        "data": 0
      },
      {
        "code": "X",
        "pos": 53,
        "refPos": 54,
        "data": 1
      },
      {
        "code": "X",
        "pos": 54,
        "refPos": 55,
        "data": 1
      },
      {
        "code": "X",
        "pos": 56,
        "refPos": 57,
        "data": 2
      },
      {
        "code": "X",
        "pos": 57,
        "refPos": 58,
        "data": 0
      },
      {
        "code": "X",
        "pos": 59,
        "refPos": 60,
        "data": 1
      },
      {
        "code": "X",
        "pos": 60,
        "refPos": 61,
        "data": 1
      },
      {
        "code": "X",
        "pos": 62,
        "refPos": 63,
        "data": 2
      },
      {
        "code": "X",
        "pos": 63,
        "refPos": 64,
        "data": 0
      },
      {
        "code": "X",
        "pos": 65,
        "refPos": 66,
        "data": 1
      },
      {
        "code": "X",
        "pos": 66,
        "refPos": 67,
        "data": 1
      },
      {
        "code": "X",
        "pos": 68,
        "refPos": 69,
        "data": 2
      },
      {
        "code": "X",
        "pos": 69,
        "refPos": 70,
        "data": 0
      },
      {
        "code": "X",
        "pos": 71,
        "refPos": 72,
        "data": 1
      },
      {
        "code": "X",
        "pos": 72,
        "refPos": 73,
        "data": 1
      },
      {
        "code": "X",
        "pos": 74,
        "refPos": 75,
        "data": 2
      },
      {
        "code": "X",
        "pos": 75,
        "refPos": 76,
        "data": 0
      },
      {
        "code": "X",
        "pos": 77,
        "refPos": 78,
        "data": 1
      },
      {
        "code": "X",
        "pos": 78,
        "refPos": 79,
        "data": 1
      },
      {
        "code": "X",
        "pos": 80,
        "refPos": 81,
        "data": 2
      },
      {
        "code": "X",
        "pos": 81,
        "refPos": 82,
        "data": 0
      },
      {
        "code": "X",
        "pos": 83,
        "refPos": 84,
        "data": 1
      },
      {
        "code": "X",
        "pos": 84,
        "refPos": 85,
        "data": 1
      },
      {
        "code": "X",
        "pos": 86,
        "refPos": 87,
        "data": 2
      },
      {
        "code": "X",
        "pos": 87,
        "refPos": 88,
        "data": 0
      },
      {
        "code": "X",
        "pos": 89,
        "refPos": 90,
        "data": 1
      },
      {
        "code": "X",
        "pos": 90,
        "refPos": 91,
        "data": 1
      },
      {
        "code": "X",
        "pos": 92,
        "refPos": 93,
        "data": 2
      },
      {
        "code": "X",
        "pos": 93,
        "refPos": 94,
        "data": 0
      },
      {
        "code": "X",
        "pos": 95,
        "refPos": 96,
        "data": 1
      },
      {
        "code": "X",
        "pos": 96,
        "refPos": 97,
        "data": 1
      },
      {
        "code": "X",
        "pos": 98,
        "refPos": 99,
        "data": 2
      },
      {
        "code": "X",
        "pos": 99,
        "refPos": 100,
        "data": 0
      }
    ]
  },
  {
    "flags": 16,
    "cramFlags": 3,
    "readLength": 100,
    "mappingQuality": 1,
    "lengthOnRef": 100,
    "qualityScores": [
      2,
      2,
      2,
      2,
      2,
      2,
      2,
      2,
      2,
      2,
      2,
      2,
      2,
      2,
      2,
      2,
      2,
      2,
      2,
      2,
      2,
      2,
      2,
      2,
      2,
      2,
      2,
      2,
      2,
      31,
      33,
      30,
      23,
      33,
      30,
      33,
      32,
      31,
      31,
      35,
      35,
      33,
      34,
      35,
      35,
      34,
      33,
      34,
      31,
      34,
      35,
      34,
      35,
      34,
      34,
      34,
      34,
      34,
      34,
      34,
      34,
      34,
      34,
      34,
      34,
      34,
      34,
      34,
      34,
      34,
      34,
      34,
      34,
      34,
      34,
      34,
      34,
      34,
      34,
      34,
      34,
      34,
      34,
      34,
      34,
      34,
      34,
      34,
      34,
      34,
      34,
      34,
      34,
      34,
      34,
      34,
      34,
      34,
      34,
      34
    ],
    "readGroupId": -1,
    "readName": "II.14978392",
    "sequenceId": 0,
    "uniqueId": 571,
    "templateSize": 0,
    "alignmentStart": 2,
    "tags": {
      "PT": "27;27;+;PRIM;Note=tag2|28;28;+;OLIG;Note=tag3"
    },
    "readFeatures": [
      {
        "code": "X",
        "pos": 5,
        "refPos": 6,
        "data": 1
      },
      {
        "code": "X",
        "pos": 6,
        "refPos": 7,
        "data": 1
      },
      {
        "code": "X",
        "pos": 12,
        "refPos": 13,
        "data": 1
      },
      {
        "code": "X",
        "pos": 18,
        "refPos": 19,
        "data": 1
      },
      {
        "code": "X",
        "pos": 24,
        "refPos": 25,
        "data": 1
      },
      {
        "code": "X",
        "pos": 29,
        "refPos": 30,
        "data": 1
      },
      {
        "code": "X",
        "pos": 30,
        "refPos": 31,
        "data": 1
      },
      {
        "code": "X",
        "pos": 32,
        "refPos": 33,
        "data": 2
      },
      {
        "code": "X",
        "pos": 33,
        "refPos": 34,
        "data": 0
      },
      {
        "code": "X",
        "pos": 35,
        "refPos": 36,
        "data": 1
      },
      {
        "code": "X",
        "pos": 36,
        "refPos": 37,
        "data": 1
      },
      {
        "code": "X",
        "pos": 38,
        "refPos": 39,
        "data": 2
      },
      {
        "code": "X",
        "pos": 39,
        "refPos": 40,
        "data": 0
      },
      {
        "code": "X",
        "pos": 41,
        "refPos": 42,
        "data": 1
      },
      {
        "code": "X",
        "pos": 42,
        "refPos": 43,
        "data": 1
      },
      {
        "code": "X",
        "pos": 44,
        "refPos": 45,
        "data": 2
      },
      {
        "code": "X",
        "pos": 45,
        "refPos": 46,
        "data": 0
      },
      {
        "code": "X",
        "pos": 47,
        "refPos": 48,
        "data": 1
      },
      {
        "code": "X",
        "pos": 48,
        "refPos": 49,
        "data": 1
      },
      {
        "code": "X",
        "pos": 50,
        "refPos": 51,
        "data": 2
      },
      {
        "code": "X",
        "pos": 51,
        "refPos": 52,
        "data": 0
      },
      {
        "code": "X",
        "pos": 53,
        "refPos": 54,
        "data": 1
      },
      {
        "code": "X",
        "pos": 54,
        "refPos": 55,
        "data": 1
      },
      {
        "code": "X",
        "pos": 56,
        "refPos": 57,
        "data": 2
      },
      {
        "code": "X",
        "pos": 57,
        "refPos": 58,
        "data": 0
      },
      {
        "code": "X",
        "pos": 59,
        "refPos": 60,
        "data": 1
      },
      {
        "code": "X",
        "pos": 60,
        "refPos": 61,
        "data": 1
      },
      {
        "code": "X",
        "pos": 62,
        "refPos": 63,
        "data": 2
      },
      {
        "code": "X",
        "pos": 63,
        "refPos": 64,
        "data": 0
      },
      {
        "code": "X",
        "pos": 65,
        "refPos": 66,
        "data": 1
      },
      {
        "code": "X",
        "pos": 66,
        "refPos": 67,
        "data": 1
      },
      {
        "code": "X",
        "pos": 68,
        "refPos": 69,
        "data": 2
      },
      {
        "code": "X",
        "pos": 69,
        "refPos": 70,
        "data": 0
      },
      {
        "code": "X",
        "pos": 71,
        "refPos": 72,
        "data": 1
      },
      {
        "code": "X",
        "pos": 72,
        "refPos": 73,
        "data": 1
      },
      {
        "code": "X",
        "pos": 74,
        "refPos": 75,
        "data": 2
      },
      {
        "code": "X",
        "pos": 75,
        "refPos": 76,
        "data": 0
      },
      {
        "code": "X",
        "pos": 77,
        "refPos": 78,
        "data": 1
      },
      {
        "code": "X",
        "pos": 78,
        "refPos": 79,
        "data": 1
      },
      {
        "code": "X",
        "pos": 80,
        "refPos": 81,
        "data": 2
      },
      {
        "code": "X",
        "pos": 81,
        "refPos": 82,
        "data": 0
      },
      {
        "code": "X",
        "pos": 83,
        "refPos": 84,
        "data": 1
      },
      {
        "code": "X",
        "pos": 84,
        "refPos": 85,
        "data": 1
      },
      {
        "code": "X",
        "pos": 86,
        "refPos": 87,
        "data": 2
      },
      {
        "code": "X",
        "pos": 87,
        "refPos": 88,
        "data": 0
      },
      {
        "code": "X",
        "pos": 89,
        "refPos": 90,
        "data": 1
      },
      {
        "code": "X",
        "pos": 90,
        "refPos": 91,
        "data": 1
      },
      {
        "code": "X",
        "pos": 92,
        "refPos": 93,
        "data": 2
      },
      {
        "code": "X",
        "pos": 93,
        "refPos": 94,
        "data": 0
      },
      {
        "code": "X",
        "pos": 95,
        "refPos": 96,
        "data": 1
      },
      {
        "code": "X",
        "pos": 96,
        "refPos": 97,
        "data": 1
      },
      {
        "code": "X",
        "pos": 98,
        "refPos": 99,
        "data": 2
      },
      {
        "code": "X",
        "pos": 99,
        "refPos": 100,
        "data": 0
      }
    ]
  },
  {
    "flags": 0,
    "cramFlags": 3,
    "readLength": 101,
    "mappingQuality": 1,
    "lengthOnRef": 100,
    "qualityScores": [
      2,
      2,
      2,
      2,
      2,
      2,
      2,
      2,
      2,
      2,
      2,
      2,
      2,
      2,
      2,
      2,
      2,
      2,
      2,
      2,
      2,
      2,
      2,
      2,
      2,
      2,
      2,
      1,
      2,
      2,
      31,
      33,
      30,
      23,
      33,
      30,
      33,
      32,
      31,
      31,
      35,
      35,
      33,
      34,
      35,
      35,
      34,
      33,
      34,
      31,
      34,
      35,
      34,
      35,
      34,
      34,
      34,
      34,
      34,
      34,
      34,
      34,
      34,
      34,
      34,
      34,
      34,
      34,
      34,
      34,
      34,
      34,
      34,
      34,
      34,
      34,
      34,
      34,
      34,
      34,
      34,
      34,
      34,
      34,
      34,
      34,
      34,
      34,
      34,
      34,
      34,
      34,
      34,
      34,
      34,
      34,
      34,
      34,
      34,
      34,
      34
    ],
    "readGroupId": -1,
    "readName": "III",
    "sequenceId": 0,
    "uniqueId": 572,
    "templateSize": 0,
    "alignmentStart": 2,
    "tags": {
      "PT": "1;1;+;COMM|101;101;+;COMM"
    },
    "readFeatures": [
      {
        "code": "X",
        "pos": 5,
        "refPos": 6,
        "data": 1
      },
      {
        "code": "X",
        "pos": 6,
        "refPos": 7,
        "data": 1
      },
      {
        "code": "X",
        "pos": 12,
        "refPos": 13,
        "data": 1
      },
      {
        "code": "X",
        "pos": 18,
        "refPos": 19,
        "data": 1
      },
      {
        "code": "X",
        "pos": 24,
        "refPos": 25,
        "data": 1
      },
      {
        "code": "i",
        "pos": 28,
        "refPos": 29,
        "data": "C"
      },
      {
        "code": "X",
        "pos": 30,
        "refPos": 30,
        "data": 1
      },
      {
        "code": "X",
        "pos": 31,
        "refPos": 31,
        "data": 1
      },
      {
        "code": "X",
        "pos": 33,
        "refPos": 33,
        "data": 2
      },
      {
        "code": "X",
        "pos": 34,
        "refPos": 34,
        "data": 0
      },
      {
        "code": "X",
        "pos": 36,
        "refPos": 36,
        "data": 1
      },
      {
        "code": "X",
        "pos": 37,
        "refPos": 37,
        "data": 1
      },
      {
        "code": "X",
        "pos": 39,
        "refPos": 39,
        "data": 2
      },
      {
        "code": "X",
        "pos": 40,
        "refPos": 40,
        "data": 0
      },
      {
        "code": "X",
        "pos": 42,
        "refPos": 42,
        "data": 1
      },
      {
        "code": "X",
        "pos": 43,
        "refPos": 43,
        "data": 1
      },
      {
        "code": "X",
        "pos": 45,
        "refPos": 45,
        "data": 2
      },
      {
        "code": "X",
        "pos": 46,
        "refPos": 46,
        "data": 0
      },
      {
        "code": "X",
        "pos": 48,
        "refPos": 48,
        "data": 1
      },
      {
        "code": "X",
        "pos": 49,
        "refPos": 49,
        "data": 1
      },
      {
        "code": "X",
        "pos": 51,
        "refPos": 51,
        "data": 2
      },
      {
        "code": "X",
        "pos": 52,
        "refPos": 52,
        "data": 0
      },
      {
        "code": "X",
        "pos": 54,
        "refPos": 54,
        "data": 1
      },
      {
        "code": "X",
        "pos": 55,
        "refPos": 55,
        "data": 1
      },
      {
        "code": "X",
        "pos": 57,
        "refPos": 57,
        "data": 2
      },
      {
        "code": "X",
        "pos": 58,
        "refPos": 58,
        "data": 0
      },
      {
        "code": "X",
        "pos": 60,
        "refPos": 60,
        "data": 1
      },
      {
        "code": "X",
        "pos": 61,
        "refPos": 61,
        "data": 1
      },
      {
        "code": "X",
        "pos": 63,
        "refPos": 63,
        "data": 2
      },
      {
        "code": "X",
        "pos": 64,
        "refPos": 64,
        "data": 0
      },
      {
        "code": "X",
        "pos": 66,
        "refPos": 66,
        "data": 1
      },
      {
        "code": "X",
        "pos": 67,
        "refPos": 67,
        "data": 1
      },
      {
        "code": "X",
        "pos": 69,
        "refPos": 69,
        "data": 2
      },
      {
        "code": "X",
        "pos": 70,
        "refPos": 70,
        "data": 0
      },
      {
        "code": "X",
        "pos": 72,
        "refPos": 72,
        "data": 1
      },
      {
        "code": "X",
        "pos": 73,
        "refPos": 73,
        "data": 1
      },
      {
        "code": "X",
        "pos": 75,
        "refPos": 75,
        "data": 2
      },
      {
        "code": "X",
        "pos": 76,
        "refPos": 76,
        "data": 0
      },
      {
        "code": "X",
        "pos": 78,
        "refPos": 78,
        "data": 1
      },
      {
        "code": "X",
        "pos": 79,
        "refPos": 79,
        "data": 1
      },
      {
        "code": "X",
        "pos": 81,
        "refPos": 81,
        "data": 2
      },
      {
        "code": "X",
        "pos": 82,
        "refPos": 82,
        "data": 0
      },
      {
        "code": "X",
        "pos": 84,
        "refPos": 84,
        "data": 1
      },
      {
        "code": "X",
        "pos": 85,
        "refPos": 85,
        "data": 1
      },
      {
        "code": "X",
        "pos": 87,
        "refPos": 87,
        "data": 2
      },
      {
        "code": "X",
        "pos": 88,
        "refPos": 88,
        "data": 0
      },
      {
        "code": "X",
        "pos": 90,
        "refPos": 90,
        "data": 1
      },
      {
        "code": "X",
        "pos": 91,
        "refPos": 91,
        "data": 1
      },
      {
        "code": "X",
        "pos": 93,
        "refPos": 93,
        "data": 2
      },
      {
        "code": "X",
        "pos": 94,
        "refPos": 94,
        "data": 0
      },
      {
        "code": "X",
        "pos": 96,
        "refPos": 96,
        "data": 1
      },
      {
        "code": "X",
        "pos": 97,
        "refPos": 97,
        "data": 1
      },
      {
        "code": "X",
        "pos": 99,
        "refPos": 99,
        "data": 2
      },
      {
        "code": "X",
        "pos": 100,
        "refPos": 100,
        "data": 0
      }
    ]
  },
  {
    "flags": 16,
    "cramFlags": 3,
    "readLength": 100,
    "mappingQuality": 1,
    "lengthOnRef": 100,
    "qualityScores": [
      2,
      2,
      2,
      2,
      2,
      2,
      2,
      2,
      2,
      2,
      2,
      2,
      2,
      2,
      2,
      2,
      2,
      2,
      2,
      2,
      2,
      2,
      2,
      2,
      2,
      2,
      2,
      2,
      2,
      31,
      33,
      30,
      23,
      33,
      30,
      33,
      32,
      31,
      31,
      35,
      35,
      33,
      34,
      35,
      35,
      34,
      33,
      34,
      31,
      34,
      35,
      34,
      35,
      34,
      34,
      34,
      34,
      34,
      34,
      34,
      34,
      34,
      34,
      34,
      34,
      34,
      34,
      34,
      34,
      34,
      34,
      34,
      34,
      34,
      34,
      34,
      34,
      34,
      34,
      34,
      34,
      34,
      34,
      34,
      34,
      34,
      34,
      34,
      34,
      34,
      34,
      34,
      34,
      34,
      34,
      34,
      34,
      34,
      34,
      34
    ],
    "readGroupId": -1,
    "readName": "IV",
    "sequenceId": 0,
    "uniqueId": 573,
    "templateSize": 0,
    "alignmentStart": 2,
    "tags": {},
    "readFeatures": [
      {
        "code": "X",
        "pos": 5,
        "refPos": 6,
        "data": 1
      },
      {
        "code": "X",
        "pos": 6,
        "refPos": 7,
        "data": 1
      },
      {
        "code": "X",
        "pos": 12,
        "refPos": 13,
        "data": 1
      },
      {
        "code": "X",
        "pos": 18,
        "refPos": 19,
        "data": 1
      },
      {
        "code": "X",
        "pos": 24,
        "refPos": 25,
        "data": 1
      },
      {
        "code": "X",
        "pos": 29,
        "refPos": 30,
        "data": 1
      },
      {
        "code": "X",
        "pos": 30,
        "refPos": 31,
        "data": 1
      },
      {
        "code": "X",
        "pos": 32,
        "refPos": 33,
        "data": 2
      },
      {
        "code": "X",
        "pos": 33,
        "refPos": 34,
        "data": 0
      },
      {
        "code": "X",
        "pos": 35,
        "refPos": 36,
        "data": 1
      },
      {
        "code": "X",
        "pos": 36,
        "refPos": 37,
        "data": 1
      },
      {
        "code": "X",
        "pos": 38,
        "refPos": 39,
        "data": 2
      },
      {
        "code": "X",
        "pos": 39,
        "refPos": 40,
        "data": 0
      },
      {
        "code": "X",
        "pos": 41,
        "refPos": 42,
        "data": 1
      },
      {
        "code": "X",
        "pos": 42,
        "refPos": 43,
        "data": 1
      },
      {
        "code": "X",
        "pos": 44,
        "refPos": 45,
        "data": 2
      },
      {
        "code": "X",
        "pos": 45,
        "refPos": 46,
        "data": 0
      },
      {
        "code": "X",
        "pos": 47,
        "refPos": 48,
        "data": 1
      },
      {
        "code": "X",
        "pos": 48,
        "refPos": 49,
        "data": 1
      },
      {
        "code": "X",
        "pos": 50,
        "refPos": 51,
        "data": 2
      },
      {
        "code": "X",
        "pos": 51,
        "refPos": 52,
        "data": 0
      },
      {
        "code": "X",
        "pos": 53,
        "refPos": 54,
        "data": 1
      },
      {
        "code": "X",
        "pos": 54,
        "refPos": 55,
        "data": 1
      },
      {
        "code": "X",
        "pos": 56,
        "refPos": 57,
        "data": 2
      },
      {
        "code": "X",
        "pos": 57,
        "refPos": 58,
        "data": 0
      },
      {
        "code": "X",
        "pos": 59,
        "refPos": 60,
        "data": 1
      },
      {
        "code": "X",
        "pos": 60,
        "refPos": 61,
        "data": 1
      },
      {
        "code": "X",
        "pos": 62,
        "refPos": 63,
        "data": 2
      },
      {
        "code": "X",
        "pos": 63,
        "refPos": 64,
        "data": 0
      },
      {
        "code": "X",
        "pos": 65,
        "refPos": 66,
        "data": 1
      },
      {
        "code": "X",
        "pos": 66,
        "refPos": 67,
        "data": 1
      },
      {
        "code": "X",
        "pos": 68,
        "refPos": 69,
        "data": 2
      },
      {
        "code": "X",
        "pos": 69,
        "refPos": 70,
        "data": 0
      },
      {
        "code": "X",
        "pos": 71,
        "refPos": 72,
        "data": 1
      },
      {
        "code": "X",
        "pos": 72,
        "refPos": 73,
        "data": 1
      },
      {
        "code": "X",
        "pos": 74,
        "refPos": 75,
        "data": 2
      },
      {
        "code": "X",
        "pos": 75,
        "refPos": 76,
        "data": 0
      },
      {
        "code": "X",
        "pos": 77,
        "refPos": 78,
        "data": 1
      },
      {
        "code": "X",
        "pos": 78,
        "refPos": 79,
        "data": 1
      },
      {
        "code": "X",
        "pos": 80,
        "refPos": 81,
        "data": 2
      },
      {
        "code": "X",
        "pos": 81,
        "refPos": 82,
        "data": 0
      },
      {
        "code": "X",
        "pos": 83,
        "refPos": 84,
        "data": 1
      },
      {
        "code": "X",
        "pos": 84,
        "refPos": 85,
        "data": 1
      },
      {
        "code": "X",
        "pos": 86,
        "refPos": 87,
        "data": 2
      },
      {
        "code": "X",
        "pos": 87,
        "refPos": 88,
        "data": 0
      },
      {
        "code": "X",
        "pos": 89,
        "refPos": 90,
        "data": 1
      },
      {
        "code": "X",
        "pos": 90,
        "refPos": 91,
        "data": 1
      },
      {
        "code": "X",
        "pos": 92,
        "refPos": 93,
        "data": 2
      },
      {
        "code": "X",
        "pos": 93,
        "refPos": 94,
        "data": 0
      },
      {
        "code": "X",
        "pos": 95,
        "refPos": 96,
        "data": 1
      },
      {
        "code": "X",
        "pos": 96,
        "refPos": 97,
        "data": 1
      },
      {
        "code": "X",
        "pos": 98,
        "refPos": 99,
        "data": 2
      },
      {
        "code": "X",
        "pos": 99,
        "refPos": 100,
        "data": 0
      }
    ]
  },
  {
    "flags": 0,
    "cramFlags": 3,
    "readLength": 100,
    "mappingQuality": 1,
    "lengthOnRef": 100,
    "qualityScores": [
      2,
      2,
      2,
      2,
      2,
      2,
      2,
      2,
      2,
      2,
      2,
      2,
      2,
      2,
      2,
      2,
      2,
      2,
      2,
      2,
      2,
      2,
      2,
      2,
      2,
      2,
      2,
      2,
      2,
      31,
      33,
      30,
      23,
      33,
      30,
      33,
      32,
      31,
      31,
      35,
      35,
      33,
      34,
      35,
      35,
      34,
      33,
      34,
      31,
      34,
      35,
      34,
      35,
      34,
      34,
      34,
      34,
      34,
      34,
      34,
      34,
      34,
      34,
      34,
      34,
      34,
      34,
      34,
      34,
      34,
      34,
      34,
      34,
      34,
      34,
      34,
      34,
      34,
      34,
      34,
      34,
      34,
      34,
      34,
      34,
      34,
      34,
      34,
      34,
      34,
      34,
      34,
      34,
      34,
      34,
      34,
      34,
      34,
      34,
      34
    ],
    "readGroupId": -1,
    "readName": "V",
    "sequenceId": 0,
    "uniqueId": 574,
    "templateSize": 0,
    "alignmentStart": 2,
    "tags": {},
    "readFeatures": [
      {
        "code": "X",
        "pos": 5,
        "refPos": 6,
        "data": 1
      },
      {
        "code": "X",
        "pos": 6,
        "refPos": 7,
        "data": 1
      },
      {
        "code": "X",
        "pos": 12,
        "refPos": 13,
        "data": 1
      },
      {
        "code": "X",
        "pos": 18,
        "refPos": 19,
        "data": 1
      },
      {
        "code": "X",
        "pos": 24,
        "refPos": 25,
        "data": 1
      },
      {
        "code": "X",
        "pos": 29,
        "refPos": 30,
        "data": 1
      },
      {
        "code": "X",
        "pos": 30,
        "refPos": 31,
        "data": 1
      },
      {
        "code": "X",
        "pos": 32,
        "refPos": 33,
        "data": 2
      },
      {
        "code": "X",
        "pos": 33,
        "refPos": 34,
        "data": 0
      },
      {
        "code": "X",
        "pos": 35,
        "refPos": 36,
        "data": 1
      },
      {
        "code": "X",
        "pos": 36,
        "refPos": 37,
        "data": 1
      },
      {
        "code": "X",
        "pos": 38,
        "refPos": 39,
        "data": 2
      },
      {
        "code": "X",
        "pos": 39,
        "refPos": 40,
        "data": 0
      },
      {
        "code": "X",
        "pos": 41,
        "refPos": 42,
        "data": 1
      },
      {
        "code": "X",
        "pos": 42,
        "refPos": 43,
        "data": 1
      },
      {
        "code": "X",
        "pos": 44,
        "refPos": 45,
        "data": 2
      },
      {
        "code": "X",
        "pos": 45,
        "refPos": 46,
        "data": 0
      },
      {
        "code": "X",
        "pos": 47,
        "refPos": 48,
        "data": 1
      },
      {
        "code": "X",
        "pos": 48,
        "refPos": 49,
        "data": 1
      },
      {
        "code": "X",
        "pos": 50,
        "refPos": 51,
        "data": 2
      },
      {
        "code": "X",
        "pos": 51,
        "refPos": 52,
        "data": 0
      },
      {
        "code": "X",
        "pos": 53,
        "refPos": 54,
        "data": 1
      },
      {
        "code": "X",
        "pos": 54,
        "refPos": 55,
        "data": 1
      },
      {
        "code": "X",
        "pos": 56,
        "refPos": 57,
        "data": 2
      },
      {
        "code": "X",
        "pos": 57,
        "refPos": 58,
        "data": 0
      },
      {
        "code": "X",
        "pos": 59,
        "refPos": 60,
        "data": 1
      },
      {
        "code": "X",
        "pos": 60,
        "refPos": 61,
        "data": 1
      },
      {
        "code": "X",
        "pos": 62,
        "refPos": 63,
        "data": 2
      },
      {
        "code": "X",
        "pos": 63,
        "refPos": 64,
        "data": 0
      },
      {
        "code": "X",
        "pos": 65,
        "refPos": 66,
        "data": 1
      },
      {
        "code": "X",
        "pos": 66,
        "refPos": 67,
        "data": 1
      },
      {
        "code": "X",
        "pos": 68,
        "refPos": 69,
        "data": 2
      },
      {
        "code": "X",
        "pos": 69,
        "refPos": 70,
        "data": 0
      },
      {
        "code": "X",
        "pos": 71,
        "refPos": 72,
        "data": 1
      },
      {
        "code": "X",
        "pos": 72,
        "refPos": 73,
        "data": 1
      },
      {
        "code": "X",
        "pos": 74,
        "refPos": 75,
        "data": 2
      },
      {
        "code": "X",
        "pos": 75,
        "refPos": 76,
        "data": 0
      },
      {
        "code": "X",
        "pos": 77,
        "refPos": 78,
        "data": 1
      },
      {
        "code": "X",
        "pos": 78,
        "refPos": 79,
        "data": 1
      },
      {
        "code": "X",
        "pos": 80,
        "refPos": 81,
        "data": 2
      },
      {
        "code": "X",
        "pos": 81,
        "refPos": 82,
        "data": 0
      },
      {
        "code": "X",
        "pos": 83,
        "refPos": 84,
        "data": 1
      },
      {
        "code": "X",
        "pos": 84,
        "refPos": 85,
        "data": 1
      },
      {
        "code": "X",
        "pos": 86,
        "refPos": 87,
        "data": 2
      },
      {
        "code": "X",
        "pos": 87,
        "refPos": 88,
        "data": 0
      },
      {
        "code": "X",
        "pos": 89,
        "refPos": 90,
        "data": 1
      },
      {
        "code": "X",
        "pos": 90,
        "refPos": 91,
        "data": 1
      },
      {
        "code": "X",
        "pos": 92,
        "refPos": 93,
        "data": 2
      },
      {
        "code": "X",
        "pos": 93,
        "refPos": 94,
        "data": 0
      },
      {
        "code": "X",
        "pos": 95,
        "refPos": 96,
        "data": 1
      },
      {
        "code": "X",
        "pos": 96,
        "refPos": 97,
        "data": 1
      },
      {
        "code": "X",
        "pos": 98,
        "refPos": 99,
        "data": 2
      },
      {
        "code": "X",
        "pos": 99,
        "refPos": 100,
        "data": 0
      }
    ]
  }
]