[
  {
    "flags": 16,
    "cramFlags": 3,
    "readLength": 100,
    "mappingQuality": 1,
    "lengthOnRef": 101,
    "qualityScores": [
      2,
      2,
      2,
      2,
      2,
      2,
      2,
      2,
      2,
      2,
      2,
      2,
      2,
      2,
      2,
      2,
      2,
      2,
      2,
      2,
      2,
      2,
      2,
      2,
      2,
      2,
      2,
      2,
      2,
      31,
      33,
      30,
      23,
      33,
      30,
      33,
      32,
      31,
      31,
      35,
      35,
      33,
      34,
      35,
      35,
      34,
      33,
      34,
      31,
      34,
      35,
      34,
      35,
      34,
      34,
      34,
      34,
      34,
      34,
      34,
      34,
      34,
      34,
      34,
      34,
      34,
      34,
      34,
      34,
      34,
      34,
      34,
      34,
      34,
      34,
      34,
      34,
      34,
      34,
      34,
      34,
      34,
      34,
      34,
      34,
      34,
      34,
      34,
      34,
      34,
      34,
      34,
      34,
      34,
      34,
      34,
      34,
      34,
      34,
      34
    ],
    "readGroupId": -1,
    "readName": "SRR065390.14978392",
    "sequenceId": 0,
    "uniqueId": 1019,
    "templateSize": 0,
    "alignmentStart": 2,
    "tags": {
      "XG": 1,
      "XM": 5,
      "XN": 0,
      "XO": 1,
      "AS": -18,
      "XS": -18,
      "YT": "UU"
    },
    "readFeatures": [
      {
        "code": "X",
        "pos": 5,
        "refPos": 6,
        "data": 1
      },
      {
        "code": "X",
        "pos": 6,
        "refPos": 7,
        "data": 1
      },
      {
        "code": "X",
        "pos": 12,
        "refPos": 13,
        "data": 1
      },
      {
        "code": "X",
        "pos": 18,
        "refPos": 19,
        "data": 1
      },
      {
        "code": "X",
        "pos": 24,
        "refPos": 25,
        "data": 1
      },
      {
        "code": "D",
        "pos": 28,
        "refPos": 29,
        "data": 1
      }
    ]
  },
  {
    "flags": 16,
    "cramFlags": 3,
    "readLength": 100,
    "mappingQuality": 1,
    "lengthOnRef": 100,
    "qualityScores": [
      27,
      30,
      31,
      27,
      31,
      32,
      23,
      29,
      15,
      25,
      33,
      33,
      31,
      29,
      33,
      27,
      28,
      33,
      31,
      30,
      30,
      30,
      31,
      28,
      23,
      31,
      33,
      29,
      33,
      33,
      31,
      34,
      32,
      31,
      35,
      32,
      34,
      35,
      34,
      33,
      33,
      34,
      34,
      34,
      32,
      31,
      34,
      34,
      34,
      34,
      32,
      34,
      34,
      33,
      34,
      34,
      34,
      34,
      34,
      34,
      34,
      34,
      34,
      34,
      34,
      34,
      34,
      34,
      34,
      34,
      34,
      34,
      34,
      34,
      34,
      34,
      34,
      34,
      34,
      34,
      34,
      34,
      34,
      34,
      34,
      34,
      34,
      34,
      34,
      34,
      34,
      34,
      34,
      34,
      34,
      34,
      34,
      34,
      34,
      34
    ],
    "readGroupId": -1,
    "readName": "SRR065390.1871511",
    "sequenceId": 0,
    "uniqueId": 1021,
    "templateSize": 0,
    "alignmentStart": 3,
    "tags": {
      "XG": 0,
      "XM": 0,
      "XN": 0,
      "XO": 0,
      "AS": 0,
      "XS": 0,
      "YT": "UU"
    }
  },
  {
    "flags": 16,
    "cramFlags": 3,
    "readLength": 100,
    "mappingQuality": 1,
    "lengthOnRef": 100,
    "qualityScores": [
      2,
      2,
      2,
      2,
      2,
      2,
      2,
      2,
      2,
      2,
      2,
      2,
      2,
      2,
      2,
      2,
      2,
      2,
      30,
      21,
      31,
      25,
      22,
      27,
      28,
      31,
      18,
      28,
      31,
      32,
      33,
      32,
      32,
      33,
      29,
      33,
      35,
      33,
      33,
      32,
      33,
      32,
      35,
      32,
      33,
      35,
      35,
      35,
      33,
      35,
      35,
      33,
      34,
      34,
      34,
      34,
      34,
      34,
      34,
      34,
      34,
      34,
      34,
      34,
      34,
      34,
      34,
      34,
      34,
      34,
      34,
      34,
      34,
      34,
      34,
      34,
      34,
      34,
      34,
      34,
      34,
      34,
      34,
      34,
      34,
      34,
      34,
      34,
      34,
      34,
      34,
      34,
      34,
      34,
      34,
      34,
      34,
      34,
      34,
      34
    ],
    "readGroupId": -1,
    "readName": "SRR065390.3743423",
    "sequenceId": 0,
    "uniqueId": 1022,
    "templateSize": 0,
    "alignmentStart": 3,
    "tags": {
      "XG": 0,
      "XM": 0,
      "XN": 0,
      "XO": 0,
      "AS": 0,
      "XS": 0,
      "YT": "UU"
    }
  },
  {
    "flags": 16,
    "cramFlags": 3,
    "readLength": 100,
    "mappingQuality": 1,
    "lengthOnRef": 100,
    "qualityScores": [
      2,
      2,
      2,
      2,
      2,
      2,
      2,
      2,
      2,
      2,
      2,
      31,
      33,
      33,
      28,
      33,
      34,
      33,
      33,
      34,
      30,
      33,
      29,
      33,
      26,
      29,
      33,
      31,
      31,
      32,
      35,
      33,
      33,
      33,
      31,
      35,
      33,
      33,
      33,
      33,
      35,
      34,
      34,
      33,
      33,
      34,
      34,
      34,
      34,
      34,
      34,
      34,
      34,
      34,
      34,
      34,
      34,
      34,
      34,
      34,
      34,
      34,
      34,
      34,
      34,
      34,
      34,
      34,
      34,
      34,
      34,
      34,
      34,
      34,
      34,
      34,
      34,
      34,
      34,
      34,
      34,
      34,
      34,
      34,
      34,
      34,
      34,
      34,
      34,
      34,
      34,
      34,
      34,
      34,
      34,
      34,
      34,
      34,
      34,
      34
    ],
    "readGroupId": -1,
    "readName": "SRR065390.4251890",
    "sequenceId": 0,
    "uniqueId": 1023,
    "templateSize": 0,
    "alignmentStart": 3,
    "tags": {
      "XG": 0,
      "XM": 0,
      "XN": 0,
      "XO": 0,
      "AS": 0,
      "XS": 0,
      "YT": "UU"
    }
  },
  {
    "flags": 16,
    "cramFlags": 3,
    "readLength": 100,
    "mappingQuality": 1,
    "lengthOnRef": 100,
    "qualityScores": [
      31,
      11,
      28,
      31,
      31,
      35,
      23,
      35,
      26,
      30,
      33,
      33,
      33,
      29,
      26,
      30,
      33,
      33,
      33,
      28,
      28,
      33,
      33,
      31,
      35,
      26,
      29,
      35,
      29,
      33,
      33,
      33,
      29,
      33,
      33,
      35,
      35,
      33,
      27,
      35,
      32,
      33,
      32,
      35,
      34,
      32,
      34,
      35,
      34,
      34,
      33,
      34,
      34,
      34,
      34,
      34,
      34,
      34,
      34,
      34,
      34,
      34,
      34,
      34,
      34,
      34,
      34,
      34,
      34,
      34,
      34,
      34,
      34,
      34,
      34,
      34,
      34,
      34,
      34,
      34,
      34,
      34,
      34,
      34,
      34,
      34,
      34,
      34,
      34,
      34,
      34,
      34,
      34,
      34,
      34,
      34,
      34,
      34,
      34,
      34
    ],
    "readGroupId": -1,
    "readName": "SRR065390.5238868",
    "sequenceId": 0,
    "uniqueId": 1024,
    "templateSize": 0,
    "alignmentStart": 3,
    "tags": {
      "XG": 0,
      "XM": 0,
      "XN": 0,
      "XO": 0,
      "AS": 0,
      "XS": 0,
      "YT": "UU"
    }
  },
  {
    "flags": 0,
    "cramFlags": 3,
    "readLength": 100,
    "mappingQuality": 1,
    "lengthOnRef": 100,
    "qualityScores": [
      34,
      34,
      34,
      34,
      34,
      34,
      34,
      34,
      34,
      34,
      34,
      34,
      34,
      34,
      34,
      34,
      34,
      34,
      34,
      34,
      34,
      34,
      34,
      34,
      34,
      34,
      34,
      34,
      34,
      34,
      34,
      34,
      34,
      34,
      34,
      34,
      34,
      34,
      34,
      34,
      34,
      34,
      34,
      34,
      34,
      34,
      34,
      34,
      34,
      34,
      34,
      34,
      34,
      34,
      34,
      34,
      34,
      34,
      34,
      34,
      34,
      34,
      34,
      34,
      34,
      31,
      34,
      34,
      35,
      35,
      35,
      33,
      34,
      34,
      32,
      33,
      33,
      28,
      35,
      32,
      33,
      33,
      32,
      30,
      2,
      2,
      2,
      2,
      2,
      2,
      2,
      2,
      2,
      2,
      2,
      2,
      2,
      2,
      2,
      2
    ],
    "readGroupId": -1,
    "readName": "SRR065390.6023338",
    "sequenceId": 0,
    "uniqueId": 1025,
    "templateSize": 0,
    "alignmentStart": 3,
    "tags": {
      "XG": 0,
      "XM": 3,
      "XN": 0,
      "XO": 0,
      "AS": -6,
      "XS": -6,
      "YT": "UU"
    },
    "readFeatures": [
      {
        "code": "X",
        "pos": 95,
        "refPos": 97,
        "data": 0
      },
      {
        "code": "X",
        "pos": 96,
        "refPos": 98,
        "data": 1
      },
      {
        "code": "X",
        "pos": 100,
        "refPos": 102,
        "data": 0
      }
    ]
  },
  {
    "flags": 16,
    "cramFlags": 3,
    "readLength": 100,
    "mappingQuality": 1,
    "lengthOnRef": 100,
    "qualityScores": [
      2,
      2,
      2,
      2,
      2,
      2,
      2,
      2,
      2,
      2,
      2,
      2,
      2,
      2,
      2,
      30,
      31,
      13,
      31,
      30,
      33,
      26,
      33,
      15,
      33,
      28,
      26,
      27,
      35,
      32,
      35,
      33,
      31,
      31,
      33,
      35,
      35,
      33,
      33,
      35,
      35,
      33,
      34,
      33,
      34,
      33,
      35,
      31,
      34,
      34,
      35,
      34,
      34,
      34,
      34,
      34,
      34,
      34,
      35,
      34,
      34,
      34,
      34,
      34,
      34,
      34,
      34,
      32,
      34,
      34,
      34,
      34,
      34,
      34,
      34,
      34,
      34,
      34,
      33,
      34,
      34,
      34,
      34,
      34,
      34,
      35,
      34,
      34,
      34,
      34,
      34,
      34,
      34,
      34,
      34,
      34,
      34,
      33,
      34,
      34
    ],
    "readGroupId": -1,
    "readName": "SRR065390.6815812",
    "sequenceId": 0,
    "uniqueId": 2000,
    "templateSize": 0,
    "alignmentStart": 3,
    "tags": {
      "XG": 0,
      "XM": 0,
      "XN": 0,
      "XO": 0,
      "AS": 0,
      "XS": 0,
      "YT": "UU"
    }
  },
  {
    "flags": 16,
    "cramFlags": 3,
    "readLength": 100,
    "mappingQuality": 1,
    "lengthOnRef": 100,
    "qualityScores": [
      2,
      2,
      2,
      2,
      2,
      2,
      2,
      2,
      2,
      2,
      2,
      2,
      2,
      2,
      2,
      2,
      2,
      2,
      2,
      2,
      2,
      2,
      2,
      33,
      33,
      31,
      29,
      32,
      27,
      33,
      34,
      29,
      31,
      31,
      33,
      34,
      34,
      33,
      31,
      28,
      33,
      32,
      34,
      33,
      34,
      34,
      34,
      34,
      34,
      34,
      34,
      34,
      34,
      34,
      34,
      34,
      34,
      34,
      34,
      34,
      34,
      34,
      34,
      34,
      34,
      34,
      34,
      34,
      34,
      34,
      34,
      34,
      34,
      34,
      34,
      34,
      34,
      34,
      34,
      34,
      34,
      34,
      34,
      34,
      34,
      34,
      34,
      34,
      34,
      34,
      34,
      34,
      34,
      34,
      34,
      34,
      34,
      34,
      34,
      34
    ],
    "readGroupId": -1,
    "readName": "SRR065390.6905811",
    "sequenceId": 0,
    "uniqueId": 2001,
    "templateSize": 0,
    "alignmentStart": 3,
    "tags": {
      "XG": 0,
      "XM": 0,
      "XN": 0,
      "XO": 0,
      "AS": 0,
      "XS": 0,
      "YT": "UU"
    }
  },
  {
    "flags": 16,
    "cramFlags": 3,
    "readLength": 100,
    "mappingQuality": 1,
    "lengthOnRef": 100,
    "qualityScores": [
      2,
      2,
      2,
      2,
      2,
      2,
      2,
      2,
      2,
      2,
      2,
      2,
      2,
      2,
      2,
      2,
      2,
      2,
      2,
      2,
      2,
      2,
      2,
      2,
      2,
      2,
      2,
      2,
      2,
      2,
      2,
      32,
      30,
      31,
      34,
      24,
      31,
      31,
      33,
      34,
      28,
      32,
      32,
      33,
      35,
      35,
      31,
      32,
      31,
      35,
      34,
      31,
      34,
      33,
      28,
      31,
      33,
      32,
      30,
      21,
      31,
      34,
      34,
      32,
      32,
      34,
      31,
      10,
      34,
      34,
      34,
      34,
      34,
      34,
      34,
      34,
      34,
      34,
      34,
      34,
      34,
      34,
      34,
      31,
      34,
      34,
      34,
      34,
      34,
      34,
      34,
      34,
      34,
      34,
      34,
      34,
      34,
      34,
      34,
      34
    ],
    "readGroupId": -1,
    "readName": "SRR065390.8289592",
    "sequenceId": 0,
    "uniqueId": 2002,
    "templateSize": 0,
    "alignmentStart": 3,
    "tags": {
      "XG": 0,
      "XM": 0,
      "XN": 0,
      "XO": 0,
      "AS": 0,
      "XS": 0,
      "YT": "UU"
    }
  },
  {
    "flags": 16,
    "cramFlags": 3,
    "readLength": 100,
    "mappingQuality": 12,
    "lengthOnRef": 100,
    "qualityScores": [
      2,
      2,
      2,
      2,
      2,
      2,
      2,
      2,
      2,
      2,
      2,
      2,
      2,
      2,
      2,
      2,
      2,
      2,
      2,
      2,
      2,
      2,
      2,
      2,
      2,
      2,
      2,
      2,
      2,
      2,
      2,
      2,
      2,
      2,
      2,
      2,
      2,
      2,
      2,
      2,
      2,
      2,
      2,
      2,
      2,
      2,
      2,
      30,
      30,
      30,
      23,
      23,
      25,
      26,
      24,
      23,
      22,
      21,
      23,
      22,
      15,
      15,
      15,
      15,
      15,
      27,
      29,
      25,
      33,
      33,
      32,
      30,
      33,
      33,
      32,
      33,
      30,
      33,
      33,
      33,
      33,
      33,
      33,
      33,
      33,
      29,
      33,
      29,
      33,
      33,
      25,
      25,
      26,
      30,
      25,
      15,
      15,
      15,
      15,
      15
    ],
    "readGroupId": -1,
    "readName": "SRR065390.921023",
    "sequenceId": 0,
    "uniqueId": 1020,
    "templateSize": 0,
    "alignmentStart": 3,
    "tags": {
      "XG": 0,
      "XM": 3,
      "XN": 0,
      "XO": 0,
      "AS": -6,
      "XS": -13,
      "YT": "UU"
    },
    "readFeatures": [
      {
        "code": "X",
        "pos": 11,
        "refPos": 13,
        "data": 0
      },
      {
        "code": "X",
        "pos": 12,
        "refPos": 14,
        "data": 2
      },
      {
        "code": "X",
        "pos": 23,
        "refPos": 25,
        "data": 1
      }
    ]
  }
]