[
  {
    "flags": 0,
    "cramFlags": 3,
    "readLength": 4,
    "mappingQuality": 10,
    "lengthOnRef": 4,
    "qualityScores": [
      80,
      80,
      80,
      80
    ],
    "readGroupId": -1,
    "readName": "a",
    "sequenceId": 0,
    "uniqueId": 469,
    "templateSize": 0,
    "alignmentStart": 100,
    "tags": {},
    "readFeatures": [
      {
        "code": "X",
        "pos": 2,
        "refPos": 101,
        "data": 2
      }
    ]
  },
  {
    "flags": 0,
    "cramFlags": 3,
    "readLength": 4,
    "mappingQuality": 10,
    "lengthOnRef": 4,
    "qualityScores": [
      80,
      80,
      80,
      80
    ],
    "readGroupId": -1,
    "readName": "bc",
    "sequenceId": 0,
    "uniqueId": 470,
    "templateSize": 0,
    "alignmentStart": 200,
    "tags": {},
    "readFeatures": [
      {
        "code": "X",
        "pos": 3,
        "refPos": 202,
        "data": 1
      },
      {
        "code": "X",
        "pos": 4,
        "refPos": 203,
        "data": 0
      }
    ]
  },
  {
    "flags": 0,
    "cramFlags": 3,
    "readLength": 4,
    "mappingQuality": 10,
    "lengthOnRef": 4,
    "qualityScores": [
      80,
      80,
      80,
      80
    ],
    "readGroupId": -1,
    "readName": "def",
    "sequenceId": 0,
    "uniqueId": 471,
    "templateSize": 0,
    "alignmentStart": 300,
    "tags": {},
    "readFeatures": [
      {
        "code": "X",
        "pos": 2,
        "refPos": 301,
        "data": 2
      },
      {
        "code": "X",
        "pos": 3,
        "refPos": 302,
        "data": 1
      },
      {
        "code": "X",
        "pos": 4,
        "refPos": 303,
        "data": 0
      }
    ]
  },
  {
    "flags": 0,
    "cramFlags": 3,
    "readLength": 4,
    "mappingQuality": 10,
    "lengthOnRef": 4,
    "qualityScores": [
      80,
      80,
      80,
      80
    ],
    "readGroupId": -1,
    "readName": "ghij",
    "sequenceId": 0,
    "uniqueId": 472,
    "templateSize": 0,
    "alignmentStart": 400,
    "tags": {},
    "readFeatures": [
      {
        "code": "X",
        "pos": 1,
        "refPos": 400,
        "data": 0
      },
      {
        "code": "X",
        "pos": 2,
        "refPos": 401,
        "data": 2
      },
      {
        "code": "X",
        "pos": 3,
        "refPos": 402,
        "data": 1
      },
      {
        "code": "X",
        "pos": 4,
        "refPos": 403,
        "data": 1
      }
    ]
  },
  {
    "flags": 0,
    "cramFlags": 3,
    "readLength": 4,
    "mappingQuality": 10,
    "lengthOnRef": 4,
    "qualityScores": [
      80,
      80,
      80,
      80
    ],
    "readGroupId": -1,
    "readName": "klmno",
    "sequenceId": 0,
    "uniqueId": 473,
    "templateSize": 0,
    "alignmentStart": 500,
    "tags": {},
    "readFeatures": [
      {
        "code": "X",
        "pos": 1,
        "refPos": 500,
        "data": 0
      },
      {
        "code": "X",
        "pos": 2,
        "refPos": 501,
        "data": 2
      },
      {
        "code": "X",
        "pos": 4,
        "refPos": 503,
        "data": 1
      }
    ]
  }
]