[
  {
    "flags": 16,
    "cramFlags": 11,
    "readLength": 0,
    "mappingQuality": 1,
    "lengthOnRef": 0,
    "qualityScores": [],
    "readGroupId": -1,
    "readName": "a0",
    "sequenceId": 0,
    "uniqueId": 498,
    "templateSize": 0,
    "alignmentStart": 4,
    "tags": {
      "MD": "0",
      "NM": 0
    },
    "readFeatures": [
      {
        "code": "H",
        "pos": 1,
        "refPos": 4,
        "data": 10
      }
    ]
  },
  {
    "flags": 16,
    "cramFlags": 11,
    "readLength": 0,
    "mappingQuality": 1,
    "lengthOnRef": 0,
    "qualityScores": [],
    "readGroupId": -1,
    "readName": "a1",
    "sequenceId": 0,
    "uniqueId": 499,
    "templateSize": 0,
    "alignmentStart": 4,
    "tags": {
      "MD": "0",
      "NM": 0
    },
    "readFeatures": [
      {
        "code": "H",
        "pos": 1,
        "refPos": 4,
        "data": 10
      }
    ]
  },
  {
    "flags": 16,
    "cramFlags": 3,
    "readLength": 10,
    "mappingQuality": 1,
    "lengthOnRef": 10,
    "qualityScores": [
      255,
      255,
      255,
      255,
      255,
      255,
      255,
      255,
      255,
      255
    ],
    "readGroupId": -1,
    "readName": "a2",
    "sequenceId": 0,
    "uniqueId": 500,
    "templateSize": 0,
    "alignmentStart": 4,
    "tags": {},
    "readFeatures": [
      {
        "code": "H",
        "pos": 1,
        "refPos": 4,
        "data": 5
      },
      {
        "code": "H",
        "pos": 11,
        "refPos": 14,
        "data": 5
      }
    ]
  }
]