[
  {
    "flags": 147,
    "cramFlags": 3,
    "readLength": 5,
    "mappingQuality": 1,
    "lengthOnRef": 5,
    "qualityScores": [
      9,
      9,
      9,
      9,
      9
    ],
    "readGroupId": -1,
    "readName": "y4",
    "sequenceId": 1,
    "uniqueId": 1957,
    "templateSize": 10,
    "alignmentStart": 1,
    "tags": {},
    "mate": {
      "flags": 0,
      "sequenceId": 1,
      "alignmentStart": 16
    }
  },
  {
    "flags": 147,
    "cramFlags": 5,
    "readLength": 5,
    "mappingQuality": 1,
    "lengthOnRef": 5,
    "qualityScores": [
      9,
      9,
      9,
      9,
      9
    ],
    "readGroupId": -1,
    "readName": "y1",
    "sequenceId": 1,
    "uniqueId": 1612,
    "alignmentStart": 16,
    "tags": {},
    "mate": {
      "sequenceId": 1,
      "alignmentStart": 1,
      "uniqueId": 1613,
      "readName": "y1"
    },
    "templateLength": 20
  },
  {
    "flags": 99,
    "cramFlags": 1,
    "readLength": 5,
    "mappingQuality": 1,
    "lengthOnRef": 5,
    "qualityScores": [
      9,
      9,
      9,
      9,
      9
    ],
    "readGroupId": -1,
    "readName": "y1",
    "sequenceId": 1,
    "uniqueId": 1613,
    "alignmentStart": 1,
    "tags": {},
    "mate": {
      "sequenceId": 1,
      "alignmentStart": 16,
      "uniqueId": 1612,
      "readName": "y1"
    },
    "templateLength": 20
  },
  {
    "flags": 147,
    "cramFlags": 5,
    "readLength": 5,
    "mappingQuality": 1,
    "lengthOnRef": 5,
    "qualityScores": [
      9,
      9,
      9,
      9,
      9
    ],
    "readGroupId": -1,
    "readName": "y2",
    "sequenceId": 1,
    "uniqueId": 1614,
    "alignmentStart": 10,
    "tags": {},
    "mate": {
      "sequenceId": 1,
      "alignmentStart": 7,
      "uniqueId": 1615,
      "readName": "y2"
    },
    "templateLength": 8
  },
  {
    "flags": 99,
    "cramFlags": 1,
    "readLength": 5,
    "mappingQuality": 1,
    "lengthOnRef": 5,
    "qualityScores": [
      9,
      9,
      9,
      9,
      9
    ],
    "readGroupId": -1,
    "readName": "y2",
    "sequenceId": 1,
    "uniqueId": 1615,
    "alignmentStart": 7,
    "tags": {},
    "mate": {
      "sequenceId": 1,
      "alignmentStart": 10,
      "uniqueId": 1614,
      "readName": "y2"
    },
    "templateLength": 8
  },
  {
    "flags": 99,
    "cramFlags": 3,
    "readLength": 5,
    "mappingQuality": 1,
    "lengthOnRef": 5,
    "qualityScores": [
      9,
      9,
      9,
      9,
      9
    ],
    "readGroupId": -1,
    "readName": "y3",
    "sequenceId": 1,
    "uniqueId": 1616,
    "templateSize": 2,
    "alignmentStart": 10,
    "tags": {},
    "mate": {
      "flags": 1,
      "sequenceId": 1,
      "alignmentStart": 7
    }
  },
  {
    "flags": 147,
    "cramFlags": 3,
    "readLength": 5,
    "mappingQuality": 1,
    "lengthOnRef": 5,
    "qualityScores": [
      9,
      9,
      9,
      9,
      9
    ],
    "readGroupId": -1,
    "readName": "y3",
    "sequenceId": 1,
    "uniqueId": 1617,
    "templateSize": -2,
    "alignmentStart": 7,
    "tags": {},
    "mate": {
      "flags": 0,
      "sequenceId": 1,
      "alignmentStart": 10
    }
  },
  {
    "flags": 99,
    "cramFlags": 3,
    "readLength": 5,
    "mappingQuality": 1,
    "lengthOnRef": 5,
    "qualityScores": [
      9,
      9,
      9,
      9,
      9
    ],
    "readGroupId": -1,
    "readName": "y4",
    "sequenceId": 1,
    "uniqueId": 1618,
    "templateSize": -10,
    "alignmentStart": 16,
    "tags": {},
    "mate": {
      "flags": 1,
      "sequenceId": 1,
      "alignmentStart": 1
    }
  }
]