[
  {
    "flags": 147,
    "cramFlags": 5,
    "readLength": 10,
    "mappingQuality": 1,
    "lengthOnRef": 10,
    "qualityScores": [
      9,
      9,
      9,
      9,
      9,
      9,
      9,
      9,
      9,
      9
    ],
    "readGroupId": -1,
    "readName": "a1",
    "sequenceId": 0,
    "uniqueId": 730,
    "alignmentStart": 11,
    "tags": {},
    "mate": {
      "sequenceId": 0,
      "alignmentStart": 1,
      "uniqueId": 731,
      "readName": "a1"
    },
    "templateLength": 20
  },
  {
    "flags": 99,
    "cramFlags": 1,
    "readLength": 10,
    "mappingQuality": 1,
    "lengthOnRef": 10,
    "qualityScores": [
      9,
      9,
      9,
      9,
      9,
      9,
      9,
      9,
      9,
      9
    ],
    "readGroupId": -1,
    "readName": "a1",
    "sequenceId": 0,
    "uniqueId": 731,
    "alignmentStart": 1,
    "tags": {},
    "mate": {
      "sequenceId": 0,
      "alignmentStart": 11,
      "uniqueId": 730,
      "readName": "a1"
    },
    "templateLength": 20
  },
  {
    "flags": 99,
    "cramFlags": 5,
    "readLength": 10,
    "mappingQuality": 1,
    "lengthOnRef": 10,
    "qualityScores": [
      9,
      9,
      9,
      9,
      9,
      9,
      9,
      9,
      9,
      9
    ],
    "readGroupId": -1,
    "readName": "c1",
    "sequenceId": 0,
    "uniqueId": 1128,
    "alignmentStart": 1,
    "tags": {},
    "mate": {
      "sequenceId": 0,
      "alignmentStart": 11,
      "uniqueId": 1129,
      "readName": "c1"
    },
    "templateLength": 20
  },
  {
    "flags": 147,
    "cramFlags": 1,
    "readLength": 10,
    "mappingQuality": 1,
    "lengthOnRef": 10,
    "qualityScores": [
      9,
      9,
      9,
      9,
      9,
      9,
      9,
      9,
      9,
      9
    ],
    "readGroupId": -1,
    "readName": "c1",
    "sequenceId": 0,
    "uniqueId": 1129,
    "alignmentStart": 11,
    "tags": {},
    "mate": {
      "sequenceId": 0,
      "alignmentStart": 1,
      "uniqueId": 1128,
      "readName": "c1"
    },
    "templateLength": 20
  }
]