// Vitest Snapshot v1, https://vitest.dev/guide/snapshot.html

exports[`can dump the whole hts-specs/cram/3.0/passed/0703_tag.cram without error 1`] = `
[
  {
    "fileId": "_.cram",
    "magic": "CRAM",
    "majorVersion": 3,
    "minorVersion": 0,
  },
  {
    "containerHeader": {
      "_endPosition": 45,
      "_size": 19,
      "alignmentSpan": 0,
      "crc32": 3571883735,
      "landmarks": [
        0,
        160,
      ],
      "length": 249,
      "numBases": 0,
      "numBlocks": 2,
      "numLandmarks": 2,
      "numRecords": 0,
      "recordCounter": 0,
      "refSeqId": 0,
      "refSeqStart": 0,
    },
    "data": [
      {
        "_endPosition": 45,
        "_size": 19,
        "alignmentSpan": 0,
        "crc32": 3571883735,
        "landmarks": [
          0,
          160,
        ],
        "length": 249,
        "numBases": 0,
        "numBlocks": 2,
        "numLandmarks": 2,
        "numRecords": 0,
        "recordCounter": 0,
        "refSeqId": 0,
        "refSeqStart": 0,
      },
      {
        "samHeader": [
          {
            "data": [
              {
                "tag": "SN",
                "value": "CHROMOSOME_I",
              },
              {
                "tag": "LN",
                "value": "1009800",
              },
              {
                "tag": "M5",
                "value": "8ede36131e0dbf3417807e48f77f3ebd",
              },
              {
                "tag": "UR",
                "value": "/nfs/users/nfs_j/jkb/work/samtools_master/hts-specs/test/CRAM/passed/ce.fa",
              },
            ],
            "tag": "SQ",
          },
        ],
      },
      {
        "samHeader": [
          {
            "data": [
              {
                "tag": "SN",
                "value": "CHROMOSOME_I",
              },
              {
                "tag": "LN",
                "value": "1009800",
              },
              {
                "tag": "M5",
                "value": "8ede36131e0dbf3417807e48f77f3ebd",
              },
              {
                "tag": "UR",
                "value": "/nfs/users/nfs_j/jkb/work/samtools_master/hts-specs/test/CRAM/passed/ce.fa",
              },
            ],
            "tag": "SQ",
          },
        ],
      },
    ],
  },
  {
    "compressionScheme": {
      "APdelta": true,
      "dataSeriesEncoding": {
        "AP": {
          "codecId": 1,
          "parameters": {
            "blockContentId": 17,
          },
          "parametersBytes": 1,
        },
        "BB": {
          "codecId": 4,
          "parameters": {
            "lengthsEncoding": {
              "codecId": 1,
              "parameters": {
                "blockContentId": 42,
              },
              "parametersBytes": 1,
            },
            "valuesEncoding": {
              "codecId": 1,
              "parameters": {
                "blockContentId": 37,
              },
              "parametersBytes": 1,
            },
          },
          "parametersBytes": 6,
        },
        "BF": {
          "codecId": 1,
          "parameters": {
            "blockContentId": 15,
          },
          "parametersBytes": 1,
        },
        "CF": {
          "codecId": 1,
          "parameters": {
            "blockContentId": 16,
          },
          "parametersBytes": 1,
        },
        "FN": {
          "codecId": 3,
          "parameters": {
            "bitLengths": [
              0,
            ],
            "numCodes": 1,
            "numLengths": 1,
            "symbols": [
              0,
            ],
          },
          "parametersBytes": 4,
        },
        "IN": {
          "codecId": 5,
          "parameters": {
            "blockContentId": 13,
            "stopByte": 0,
          },
          "parametersBytes": 2,
        },
        "MQ": {
          "codecId": 3,
          "parameters": {
            "bitLengths": [
              0,
            ],
            "numCodes": 1,
            "numLengths": 1,
            "symbols": [
              40,
            ],
          },
          "parametersBytes": 4,
        },
        "NF": {
          "codecId": 3,
          "parameters": {
            "bitLengths": [
              0,
            ],
            "numCodes": 1,
            "numLengths": 1,
            "symbols": [
              0,
            ],
          },
          "parametersBytes": 4,
        },
        "QS": {
          "codecId": 1,
          "parameters": {
            "blockContentId": 12,
          },
          "parametersBytes": 1,
        },
        "RG": {
          "codecId": 3,
          "parameters": {
            "bitLengths": [
              0,
            ],
            "numCodes": 1,
            "numLengths": 1,
            "symbols": [
              -1,
            ],
          },
          "parametersBytes": 8,
        },
        "RI": {
          "codecId": 3,
          "parameters": {
            "bitLengths": [
              0,
            ],
            "numCodes": 1,
            "numLengths": 1,
            "symbols": [
              0,
            ],
          },
          "parametersBytes": 4,
        },
        "RL": {
          "codecId": 3,
          "parameters": {
            "bitLengths": [
              0,
            ],
            "numCodes": 1,
            "numLengths": 1,
            "symbols": [
              100,
            ],
          },
          "parametersBytes": 4,
        },
        "RN": {
          "codecId": 5,
          "parameters": {
            "blockContentId": 11,
            "stopByte": 0,
          },
          "parametersBytes": 2,
        },
        "SC": {
          "codecId": 5,
          "parameters": {
            "blockContentId": 14,
            "stopByte": 0,
          },
          "parametersBytes": 2,
        },
        "TL": {
          "codecId": 1,
          "parameters": {
            "blockContentId": 32,
          },
          "parametersBytes": 1,
        },
      },
      "readNamesIncluded": true,
      "referenceRequired": false,
      "substitutionMatrix": [
        [
          "C",
          "G",
          "T",
          "N",
        ],
        [
          "A",
          "G",
          "T",
          "N",
        ],
        [
          "A",
          "C",
          "T",
          "N",
        ],
        [
          "A",
          "C",
          "G",
          "N",
        ],
        [
          "A",
          "C",
          "G",
          "T",
        ],
      ],
      "tagEncoding": {
        "I0C": {
          "codecId": 4,
          "parameters": {
            "lengthsEncoding": {
              "codecId": 3,
              "parameters": {
                "bitLengths": [
                  0,
                ],
                "numCodes": 1,
                "numLengths": 1,
                "symbols": [
                  1,
                ],
              },
              "parametersBytes": 4,
            },
            "valuesEncoding": {
              "codecId": 1,
              "parameters": {
                "blockContentId": 4796483,
              },
              "parametersBytes": 4,
            },
          },
          "parametersBytes": 12,
        },
        "I1C": {
          "codecId": 4,
          "parameters": {
            "lengthsEncoding": {
              "codecId": 3,
              "parameters": {
                "bitLengths": [
                  0,
                ],
                "numCodes": 1,
                "numLengths": 1,
                "symbols": [
                  1,
                ],
              },
              "parametersBytes": 4,
            },
            "valuesEncoding": {
              "codecId": 1,
              "parameters": {
                "blockContentId": 4796739,
              },
              "parametersBytes": 4,
            },
          },
          "parametersBytes": 12,
        },
        "I2C": {
          "codecId": 4,
          "parameters": {
            "lengthsEncoding": {
              "codecId": 3,
              "parameters": {
                "bitLengths": [
                  0,
                ],
                "numCodes": 1,
                "numLengths": 1,
                "symbols": [
                  1,
                ],
              },
              "parametersBytes": 4,
            },
            "valuesEncoding": {
              "codecId": 1,
              "parameters": {
                "blockContentId": 4796995,
              },
              "parametersBytes": 4,
            },
          },
          "parametersBytes": 12,
        },
        "I3C": {
          "codecId": 4,
          "parameters": {
            "lengthsEncoding": {
              "codecId": 3,
              "parameters": {
                "bitLengths": [
                  0,
                ],
                "numCodes": 1,
                "numLengths": 1,
                "symbols": [
                  1,
                ],
              },
              "parametersBytes": 4,
            },
            "valuesEncoding": {
              "codecId": 1,
              "parameters": {
                "blockContentId": 4797251,
              },
              "parametersBytes": 4,
            },
          },
          "parametersBytes": 12,
        },
        "I4C": {
          "codecId": 4,
          "parameters": {
            "lengthsEncoding": {
              "codecId": 3,
              "parameters": {
                "bitLengths": [
                  0,
                ],
                "numCodes": 1,
                "numLengths": 1,
                "symbols": [
                  1,
                ],
              },
              "parametersBytes": 4,
            },
            "valuesEncoding": {
              "codecId": 1,
              "parameters": {
                "blockContentId": 4797507,
              },
              "parametersBytes": 4,
            },
          },
          "parametersBytes": 12,
        },
        "I5S": {
          "codecId": 4,
          "parameters": {
            "lengthsEncoding": {
              "codecId": 3,
              "parameters": {
                "bitLengths": [
                  0,
                ],
                "numCodes": 1,
                "numLengths": 1,
                "symbols": [
                  2,
                ],
              },
              "parametersBytes": 4,
            },
            "valuesEncoding": {
              "codecId": 1,
              "parameters": {
                "blockContentId": 4797779,
              },
              "parametersBytes": 4,
            },
          },
          "parametersBytes": 12,
        },
        "I6S": {
          "codecId": 4,
          "parameters": {
            "lengthsEncoding": {
              "codecId": 3,
              "parameters": {
                "bitLengths": [
                  0,
                ],
                "numCodes": 1,
                "numLengths": 1,
                "symbols": [
                  2,
                ],
              },
              "parametersBytes": 4,
            },
            "valuesEncoding": {
              "codecId": 1,
              "parameters": {
                "blockContentId": 4798035,
              },
              "parametersBytes": 4,
            },
          },
          "parametersBytes": 12,
        },
        "I7S": {
          "codecId": 4,
          "parameters": {
            "lengthsEncoding": {
              "codecId": 3,
              "parameters": {
                "bitLengths": [
                  0,
                ],
                "numCodes": 1,
                "numLengths": 1,
                "symbols": [
                  2,
                ],
              },
              "parametersBytes": 4,
            },
            "valuesEncoding": {
              "codecId": 1,
              "parameters": {
                "blockContentId": 4798291,
              },
              "parametersBytes": 4,
            },
          },
          "parametersBytes": 12,
        },
        "I8S": {
          "codecId": 4,
          "parameters": {
            "lengthsEncoding": {
              "codecId": 3,
              "parameters": {
                "bitLengths": [
                  0,
                ],
                "numCodes": 1,
                "numLengths": 1,
                "symbols": [
                  2,
                ],
              },
              "parametersBytes": 4,
            },
            "valuesEncoding": {
              "codecId": 1,
              "parameters": {
                "blockContentId": 4798547,
              },
              "parametersBytes": 4,
            },
          },
          "parametersBytes": 12,
        },
        "I9I": {
          "codecId": 4,
          "parameters": {
            "lengthsEncoding": {
              "codecId": 3,
              "parameters": {
                "bitLengths": [
                  0,
                ],
                "numCodes": 1,
                "numLengths": 1,
                "symbols": [
                  4,
                ],
              },
              "parametersBytes": 4,
            },
            "valuesEncoding": {
              "codecId": 1,
              "parameters": {
                "blockContentId": 4798793,
              },
              "parametersBytes": 4,
            },
          },
          "parametersBytes": 12,
        },
        "IAI": {
          "codecId": 4,
          "parameters": {
            "lengthsEncoding": {
              "codecId": 3,
              "parameters": {
                "bitLengths": [
                  0,
                ],
                "numCodes": 1,
                "numLengths": 1,
                "symbols": [
                  4,
                ],
              },
              "parametersBytes": 4,
            },
            "valuesEncoding": {
              "codecId": 1,
              "parameters": {
                "blockContentId": 4800841,
              },
              "parametersBytes": 4,
            },
          },
          "parametersBytes": 12,
        },
        "IBI": {
          "codecId": 4,
          "parameters": {
            "lengthsEncoding": {
              "codecId": 3,
              "parameters": {
                "bitLengths": [
                  0,
                ],
                "numCodes": 1,
                "numLengths": 1,
                "symbols": [
                  4,
                ],
              },
              "parametersBytes": 4,
            },
            "valuesEncoding": {
              "codecId": 1,
              "parameters": {
                "blockContentId": 4801097,
              },
              "parametersBytes": 4,
            },
          },
          "parametersBytes": 12,
        },
        "i1c": {
          "codecId": 4,
          "parameters": {
            "lengthsEncoding": {
              "codecId": 3,
              "parameters": {
                "bitLengths": [
                  0,
                ],
                "numCodes": 1,
                "numLengths": 1,
                "symbols": [
                  1,
                ],
              },
              "parametersBytes": 4,
            },
            "valuesEncoding": {
              "codecId": 1,
              "parameters": {
                "blockContentId": 6893923,
              },
              "parametersBytes": 4,
            },
          },
          "parametersBytes": 12,
        },
        "i2c": {
          "codecId": 4,
          "parameters": {
            "lengthsEncoding": {
              "codecId": 3,
              "parameters": {
                "bitLengths": [
                  0,
                ],
                "numCodes": 1,
                "numLengths": 1,
                "symbols": [
                  1,
                ],
              },
              "parametersBytes": 4,
            },
            "valuesEncoding": {
              "codecId": 1,
              "parameters": {
                "blockContentId": 6894179,
              },
              "parametersBytes": 4,
            },
          },
          "parametersBytes": 12,
        },
        "i3c": {
          "codecId": 4,
          "parameters": {
            "lengthsEncoding": {
              "codecId": 3,
              "parameters": {
                "bitLengths": [
                  0,
                ],
                "numCodes": 1,
                "numLengths": 1,
                "symbols": [
                  1,
                ],
              },
              "parametersBytes": 4,
            },
            "valuesEncoding": {
              "codecId": 1,
              "parameters": {
                "blockContentId": 6894435,
              },
              "parametersBytes": 4,
            },
          },
          "parametersBytes": 12,
        },
        "i4s": {
          "codecId": 4,
          "parameters": {
            "lengthsEncoding": {
              "codecId": 3,
              "parameters": {
                "bitLengths": [
                  0,
                ],
                "numCodes": 1,
                "numLengths": 1,
                "symbols": [
                  2,
                ],
              },
              "parametersBytes": 4,
            },
            "valuesEncoding": {
              "codecId": 1,
              "parameters": {
                "blockContentId": 6894707,
              },
              "parametersBytes": 4,
            },
          },
          "parametersBytes": 12,
        },
        "i5s": {
          "codecId": 4,
          "parameters": {
            "lengthsEncoding": {
              "codecId": 3,
              "parameters": {
                "bitLengths": [
                  0,
                ],
                "numCodes": 1,
                "numLengths": 1,
                "symbols": [
                  2,
                ],
              },
              "parametersBytes": 4,
            },
            "valuesEncoding": {
              "codecId": 1,
              "parameters": {
                "blockContentId": 6894963,
              },
              "parametersBytes": 4,
            },
          },
          "parametersBytes": 12,
        },
        "i6s": {
          "codecId": 4,
          "parameters": {
            "lengthsEncoding": {
              "codecId": 3,
              "parameters": {
                "bitLengths": [
                  0,
                ],
                "numCodes": 1,
                "numLengths": 1,
                "symbols": [
                  2,
                ],
              },
              "parametersBytes": 4,
            },
            "valuesEncoding": {
              "codecId": 1,
              "parameters": {
                "blockContentId": 6895219,
              },
              "parametersBytes": 4,
            },
          },
          "parametersBytes": 12,
        },
        "i7s": {
          "codecId": 4,
          "parameters": {
            "lengthsEncoding": {
              "codecId": 3,
              "parameters": {
                "bitLengths": [
                  0,
                ],
                "numCodes": 1,
                "numLengths": 1,
                "symbols": [
                  2,
                ],
              },
              "parametersBytes": 4,
            },
            "valuesEncoding": {
              "codecId": 1,
              "parameters": {
                "blockContentId": 6895475,
              },
              "parametersBytes": 4,
            },
          },
          "parametersBytes": 12,
        },
        "i8i": {
          "codecId": 4,
          "parameters": {
            "lengthsEncoding": {
              "codecId": 3,
              "parameters": {
                "bitLengths": [
                  0,
                ],
                "numCodes": 1,
                "numLengths": 1,
                "symbols": [
                  4,
                ],
              },
              "parametersBytes": 4,
            },
            "valuesEncoding": {
              "codecId": 1,
              "parameters": {
                "blockContentId": 6895721,
              },
              "parametersBytes": 4,
            },
          },
          "parametersBytes": 12,
        },
        "i9i": {
          "codecId": 4,
          "parameters": {
            "lengthsEncoding": {
              "codecId": 3,
              "parameters": {
                "bitLengths": [
                  0,
                ],
                "numCodes": 1,
                "numLengths": 1,
                "symbols": [
                  4,
                ],
              },
              "parametersBytes": 4,
            },
            "valuesEncoding": {
              "codecId": 1,
              "parameters": {
                "blockContentId": 6895977,
              },
              "parametersBytes": 4,
            },
          },
          "parametersBytes": 12,
        },
        "iAi": {
          "codecId": 4,
          "parameters": {
            "lengthsEncoding": {
              "codecId": 3,
              "parameters": {
                "bitLengths": [
                  0,
                ],
                "numCodes": 1,
                "numLengths": 1,
                "symbols": [
                  4,
                ],
              },
              "parametersBytes": 4,
            },
            "valuesEncoding": {
              "codecId": 1,
              "parameters": {
                "blockContentId": 6898025,
              },
              "parametersBytes": 4,
            },
          },
          "parametersBytes": 12,
        },
        "iBi": {
          "codecId": 4,
          "parameters": {
            "lengthsEncoding": {
              "codecId": 3,
              "parameters": {
                "bitLengths": [
                  0,
                ],
                "numCodes": 1,
                "numLengths": 1,
                "symbols": [
                  4,
                ],
              },
              "parametersBytes": 4,
            },
            "valuesEncoding": {
              "codecId": 1,
              "parameters": {
                "blockContentId": 6898281,
              },
              "parametersBytes": 4,
            },
          },
          "parametersBytes": 12,
        },
      },
      "tagIdsDictionary": [
        [
          "I0C",
          "I1C",
          "I2C",
          "I3C",
          "I4C",
          "I5S",
          "I6S",
          "I7S",
          "I8S",
          "I9I",
          "IAI",
          "IBI",
        ],
        [
          "i1c",
          "i2c",
          "i3c",
          "i4s",
          "i5s",
          "i6s",
          "i7s",
          "i8i",
          "i9i",
          "iAi",
          "iBi",
        ],
      ],
    },
    "containerHeader": {
      "_endPosition": 315,
      "_size": 21,
      "alignmentSpan": 300,
      "crc32": 4137986634,
      "landmarks": [
        624,
      ],
      "length": 1372,
      "numBases": 200,
      "numBlocks": 32,
      "numLandmarks": 1,
      "numRecords": 2,
      "recordCounter": 0,
      "refSeqId": 0,
      "refSeqStart": 1000,
    },
    "data": [
      {
        "_endPosition": 315,
        "_size": 21,
        "alignmentSpan": 300,
        "crc32": 4137986634,
        "landmarks": [
          624,
        ],
        "length": 1372,
        "numBases": 200,
        "numBlocks": 32,
        "numLandmarks": 1,
        "numRecords": 2,
        "recordCounter": 0,
        "refSeqId": 0,
        "refSeqStart": 1000,
      },
      {
        "features": [
          {
            "alignmentStart": 1000,
            "cramFlags": 5,
            "flags": 99,
            "lengthOnRef": 100,
            "mappingQuality": 40,
            "mate": {
              "alignmentStart": 1200,
              "readName": "r1",
              "sequenceId": 0,
              "uniqueId": 948,
            },
            "mateRecordNumber": undefined,
            "qualityScores": [
              2,
              2,
              2,
              2,
              2,
              2,
              2,
              2,
              2,
              2,
              2,
              2,
              2,
              2,
              2,
              2,
              2,
              2,
              2,
              2,
              2,
              2,
              2,
              2,
              2,
              2,
              2,
              2,
              2,
              31,
              33,
              30,
              23,
              33,
              30,
              33,
              32,
              31,
              31,
              35,
              35,
              33,
              34,
              35,
              35,
              34,
              33,
              34,
              31,
              34,
              35,
              34,
              35,
              34,
              34,
              34,
              34,
              34,
              34,
              34,
              34,
              34,
              34,
              34,
              34,
              34,
              34,
              34,
              34,
              34,
              34,
              34,
              34,
              34,
              34,
              34,
              34,
              34,
              34,
              34,
              34,
              34,
              34,
              34,
              34,
              34,
              34,
              34,
              34,
              34,
              34,
              34,
              34,
              34,
              34,
              34,
              34,
              34,
              34,
              34,
            ],
            "readBases": undefined,
            "readGroupId": -1,
            "readLength": 100,
            "readName": "r1",
            "sequenceId": 0,
            "tags": {
              "I0": 0,
              "I1": 1,
              "I2": 127,
              "I3": 128,
              "I4": 255,
              "I5": 256,
              "I6": 32767,
              "I7": 32768,
              "I8": 65535,
              "I9": 65536,
              "IA": 2147483647,
              "IB": 4294967295,
            },
            "templateLength": 300,
            "templateSize": undefined,
            "uniqueId": 947,
          },
          {
            "alignmentStart": 1200,
            "cramFlags": 1,
            "flags": 147,
            "lengthOnRef": 100,
            "mappingQuality": 40,
            "mate": {
              "alignmentStart": 1000,
              "readName": "r1",
              "sequenceId": 0,
              "uniqueId": 947,
            },
            "qualityScores": [
              2,
              2,
              2,
              2,
              2,
              2,
              2,
              2,
              2,
              2,
              2,
              2,
              2,
              2,
              2,
              2,
              2,
              2,
              2,
              2,
              2,
              2,
              2,
              2,
              2,
              2,
              2,
              2,
              2,
              31,
              33,
              30,
              23,
              33,
              30,
              33,
              32,
              31,
              31,
              35,
              35,
              33,
              34,
              35,
              35,
              34,
              33,
              34,
              31,
              34,
              35,
              34,
              35,
              34,
              34,
              34,
              34,
              34,
              34,
              34,
              34,
              34,
              34,
              34,
              34,
              34,
              34,
              34,
              34,
              34,
              34,
              34,
              34,
              34,
              34,
              34,
              34,
              34,
              34,
              34,
              34,
              34,
              34,
              34,
              34,
              34,
              34,
              34,
              34,
              34,
              34,
              34,
              34,
              34,
              34,
              34,
              34,
              34,
              34,
              34,
            ],
            "readBases": undefined,
            "readGroupId": -1,
            "readLength": 100,
            "readName": "r1",
            "sequenceId": 0,
            "tags": {
              "i1": -1,
              "i2": -127,
              "i3": -128,
              "i4": -255,
              "i5": -256,
              "i6": -32767,
              "i7": -32768,
              "i8": -65535,
              "i9": -65536,
              "iA": -2147483647,
              "iB": -2147483648,
            },
            "templateLength": 300,
            "templateSize": undefined,
            "uniqueId": 948,
          },
        ],
        "header": {
          "_endPosition": 1078,
          "_size": 132,
          "compressedSize": 128,
          "compressionMethod": "raw",
          "content": Uint8Array [
            0,
            131,
            232,
            129,
            44,
            2,
            0,
            30,
            29,
            11,
            12,
            15,
            16,
            17,
            32,
            224,
            105,
            65,
            105,
            224,
            105,
            53,
            115,
            224,
            73,
            52,
            67,
            224,
            73,
            51,
            67,
            224,
            105,
            57,
            105,
            224,
            73,
            49,
            67,
            224,
            105,
            54,
            115,
            224,
            73,
            48,
            67,
            224,
            73,
            57,
            73,
            224,
            105,
            66,
            105,
            224,
            73,
            65,
            73,
            224,
            73,
            50,
            67,
            224,
            73,
            66,
            73,
            224,
            105,
            49,
            99,
            224,
            73,
            53,
            83,
            224,
            73,
            56,
            83,
            224,
            73,
            54,
            83,
            224,
            105,
            55,
            115,
            224,
            105,
            50,
            99,
            224,
            73,
            55,
            83,
            224,
            105,
            52,
            115,
            224,
            105,
            56,
            105,
            224,
            105,
            51,
            99,
            255,
            255,
            255,
            255,
            15,
            188,
            14,
            187,
            152,
            12,
            130,
            56,
            146,
            25,
            54,
            223,
            160,
            201,
            234,
            161,
            96,
          ],
          "contentId": 0,
          "contentPosition": 946,
          "contentType": "MAPPED_SLICE_HEADER",
          "crc32": 1511609113,
          "parsedContent": {
            "_endPosition": 443,
            "_size": 128,
            "contentIds": [
              11,
              12,
              15,
              16,
              17,
              32,
              6898025,
              6894963,
              4797507,
              4797251,
              6895977,
              4796739,
              6895219,
              4796483,
              4798793,
              6898281,
              4800841,
              4796995,
              4801097,
              6893923,
              4797779,
              4798547,
              4798035,
              6895475,
              6894179,
              4798291,
              6894707,
              6895721,
              6894435,
            ],
            "md5": [
              188,
              14,
              187,
              152,
              12,
              130,
              56,
              146,
              25,
              54,
              223,
              160,
              201,
              234,
              161,
              96,
            ],
            "numBlocks": 30,
            "numContentIds": 29,
            "numRecords": 2,
            "recordCounter": 0,
            "refBaseBlockId": -1,
            "refSeqId": 0,
            "refSeqSpan": 300,
            "refSeqStart": 1000,
          },
          "uncompressedSize": 128,
        },
      },
    ],
  },
]
`;
