// Vitest Snapshot v1, https://vitest.dev/guide/snapshot.html

exports[`can dump the whole xx#blank.2.1.cram without error 1`] = `
[
  {
    "fileId": "-",
    "magic": "CRAM",
    "majorVersion": 2,
    "minorVersion": 1,
  },
  {
    "containerHeader": {
      "_endPosition": 39,
      "_size": 13,
      "alignmentSpan": 0,
      "landmarks": [
        0,
      ],
      "length": 10009,
      "numBases": 0,
      "numBlocks": 1,
      "numLandmarks": 1,
      "numRecords": 0,
      "recordCounter": 0,
      "refSeqId": 0,
      "refSeqStart": 0,
    },
    "data": [
      {
        "_endPosition": 39,
        "_size": 13,
        "alignmentSpan": 0,
        "landmarks": [
          0,
        ],
        "length": 10009,
        "numBases": 0,
        "numBlocks": 1,
        "numLandmarks": 1,
        "numRecords": 0,
        "recordCounter": 0,
        "refSeqId": 0,
        "refSeqStart": 0,
      },
      {
        "samHeader": [],
      },
    ],
  },
]
`;
